// Jest Snapshot v1, https://goo.gl/fbAQLP

exports[`Header component renders Header 1`] = `
<nav>
  <Link
    to="/"
  />
  <Link
    to="/"
  />
  <Link
    to="/"
  />
</nav>
`;
